masses:        e= 9.109e-31; ions in proton mass units:    0.000e+00  0.000e+00 ...
charges:       e=-1.602e-19; charges in elementary units:  0.000e+00  0.000e+00
n:             e:  1.000e+00                           i:  1.000e+00  0.000e+00
thermal T (K): e= 1.160e+07 i= 0.000e+00  0.000e+00. Normalization grid 0: v_0= 1.326e+07 ( 4.424e-02c) n_0= 1.000e+20 t_0= 7.343e-06 4 batched, view batch 0
Domain radius (AMR levels) grid 0: par= 6.000e+00 perp= 6.000e+00 (0) 
0) FormLandau 512 IPs, 32 cells total, Nb=16, Nq=16, dim=2, Tab: Nb=16 Nf=1 Np=16 cdim=2 N=1300
  0) species-0: charge density= -3.2076282995155e+01 z-momentum=  3.6202229170723e-03 energy=  1.1986646780190e+05 -- 32 cells
  Nonlinear solve converged due to CONVERGED_FNORM_RELATIVE iterations 22
  1) species-0: charge density= -3.2076282995155e+01 z-momentum=  3.6202229170723e-03 energy=  1.1986646780195e+05 -- 32 cells
