masses:        e= 9.109e-31; ions in proton mass units:    2.000e+00  1.800e+02 ...
charges:       e=-1.602e-19; charges in elementary units:  1.000e+00  1.800e+01
n:             e:  1.000e+00                           i:  1.000e+00  1.000e-06
thermal T (K): e= 2.321e+07 i= 1.160e+07  1.160e+07. Normalization grid 0: v_0= 1.876e+07 ( 6.256e-02c) n_0= 1.000e+20 t_0= 1.909e-05 4 batched, view batch 1
Domain radius (AMR levels) grid 0: par= 5.000e+00 perp= 5.000e+00 (0) , 1: par= 5.835e-02 perp= 5.835e-02 (0) , 2: par= 6.151e-03 perp= 6.151e-03 (0) 
nu_alpha:  3.093538e+22 8.427101e+18 3.033756e+19
nu_beta:  3.769714e-24 3.769714e-24 1.221387e-21
nu_alpha[i]*nu_beta[j]*lambda[i][j]:
 1.000000000e+00 1.000000416e+00 3.206025701e+02
 2.724099089e-04 3.173347934e-04 7.663211501e-02
 9.703920059e-04 8.514679446e-04 3.047999074e-01
lambda[i][j]:
 8.575038959e+00 8.575042530e+00 8.485122002e+00
 8.575042530e+00 9.989208398e+00 7.445248257e+00
 8.485122002e+00 7.445248257e+00 8.225848404e+00
0) FormLandau 384 IPs, 24 cells total, Nb=16, Nq=16, dim=2, Tab: Nb=16 Nf=3 Np=16 cdim=2 N=1092
  0) species-0: charge density= -1.6162729305797e+01 z-momentum=  1.0669584295976e-19 energy=  4.8199770808866e+04
  0) species-1: charge density=  1.6162438381907e+01 z-momentum= -4.4879316174148e-17 energy=  2.4099451614304e+04
  0) species-2: charge density=  2.9092389087432e-04 z-momentum=  1.5685319321982e-22 energy=  2.4099451614304e-02
	  0) Total: charge density=  1.4716049559493e-13, momentum= -4.4772463477995e-17, energy=  7.2299246522622e+04 (m_i[0]/m_e = 3670.94, 8 cells on electron grid)
0 TS dt 0.01 time 0.
    0 SNES Function norm 7.558812062359e-01 
    1 SNES Function norm 4.199092807825e-03 
    2 SNES Function norm 3.091878073744e-05 
    3 SNES Function norm 2.208302140232e-07 
    4 SNES Function norm 1.632784514173e-09 
    5 SNES Function norm 1.197382180389e-11 
    6 SNES Function norm 8.872961574296e-14 
  Nonlinear solve converged due to CONVERGED_SNORM_RELATIVE iterations 6
1 TS dt 0.01 time 0.01
  1) species-0: charge density= -1.6162729305797e+01 z-momentum=  1.6597131127074e-19 energy=  4.8199648400570e+04
  1) species-1: charge density=  1.6162438381907e+01 z-momentum= -3.9099404242629e-17 energy=  2.4099574004884e+04
  1) species-2: charge density=  2.9092389087432e-04 z-momentum=  2.6628565360574e-22 energy=  2.4117168156138e-02
	  1) Total: charge density=  1.4716049559493e-13, momentum= -3.8933166645705e-17, energy=  7.2299246522623e+04 (m_i[0]/m_e = 3670.94, 8 cells on electron grid)
  0) species-0: charge density= -1.6162729305797e+01 z-momentum=  1.6597131127074e-19 energy=  4.8199648400570e+04
  0) species-1: charge density=  1.6162438381907e+01 z-momentum= -3.9099404242629e-17 energy=  2.4099574004884e+04
  0) species-2: charge density=  2.9092389087432e-04 z-momentum=  2.6628565360574e-22 energy=  2.4117168156138e-02
	  0) Total: charge density=  1.4716049559493e-13, momentum= -3.8933166645705e-17, energy=  7.2299246522623e+04 (m_i[0]/m_e = 3670.94, 8 cells on electron grid)
0 TS dt 0.01 time 0.
    0 SNES Function norm 6.562750245473e-01 
    1 SNES Function norm 2.791165539593e-03 
    2 SNES Function norm 2.059690440247e-05 
    3 SNES Function norm 1.466100348500e-07 
    4 SNES Function norm 1.084319565680e-09 
    5 SNES Function norm 7.959542775881e-12 
    6 SNES Function norm 6.136166587002e-14 
  Nonlinear solve converged due to CONVERGED_SNORM_RELATIVE iterations 6
1 TS dt 0.01 time 0.01
  1) species-0: charge density= -1.6162729305797e+01 z-momentum= -1.4226112394635e-19 energy=  4.8199526966916e+04
  1) species-1: charge density=  1.6162438381907e+01 z-momentum= -2.2099663267573e-17 energy=  2.4099695421092e+04
  1) species-2: charge density=  2.9092389087432e-04 z-momentum=  2.1886492077184e-22 energy=  2.4134614622345e-02
	  1) Total: charge density=  1.4716049559493e-13, momentum= -2.2241705526599e-17, energy=  7.2299246522623e+04 (m_i[0]/m_e = 3670.94, 8 cells on electron grid)
