DM Object: cubeline-fromdag 1 MPI process
  type: plex
cubeline-fromdag in 3 dimensions:
Supports:
[0] Max support size: 2
[0]: 1 ----> 0
[0]: 2 ----> 0
[0]: 3 ----> 0
[0]: 4 ----> 0
[0]: 5 ----> 0
[0]: 6 ----> 0
[0]: 6 ----> 10
[0]: 7 ----> 0
[0]: 8 ----> 0
[0]: 9 ----> 10
Cones:
[0] Max cone size: 8
[0]: 0 <---- 3 (0)
[0]: 0 <---- 4 (0)
[0]: 0 <---- 2 (0)
[0]: 0 <---- 1 (0)
[0]: 0 <---- 7 (0)
[0]: 0 <---- 5 (0)
[0]: 0 <---- 6 (0)
[0]: 0 <---- 8 (0)
[0]: 10 <---- 6 (0)
[0]: 10 <---- 9 (0)
coordinates with 1 fields
  field 0 with 3 components
Process 0:
  (   1) dim  3 offset   0 0. 0. 1.
  (   2) dim  3 offset   3 0. 0. 0.
  (   3) dim  3 offset   6 0. 1. 1.
  (   4) dim  3 offset   9 0. 1. 0.
  (   5) dim  3 offset  12 1. 0. 1.
  (   6) dim  3 offset  15 1. 0. 0.
  (   7) dim  3 offset  18 1. 1. 1.
  (   8) dim  3 offset  21 1. 1. 0.
  (   9) dim  3 offset  24 2. 0. 0.
Labels:
DM Object: cubeline-fromdag (interp_) 1 MPI process
  type: plex
cubeline-fromdag in 3 dimensions:
Supports:
[0] Max support size: 4
[0]: 1 ----> 11
[0]: 1 ----> 13
[0]: 1 ----> 15
[0]: 2 ----> 11
[0]: 2 ----> 14
[0]: 2 ----> 15
[0]: 3 ----> 11
[0]: 3 ----> 13
[0]: 3 ----> 16
[0]: 4 ----> 11
[0]: 4 ----> 14
[0]: 4 ----> 16
[0]: 5 ----> 12
[0]: 5 ----> 13
[0]: 5 ----> 15
[0]: 6 ----> 10
[0]: 6 ----> 12
[0]: 6 ----> 14
[0]: 6 ----> 15
[0]: 7 ----> 12
[0]: 7 ----> 13
[0]: 7 ----> 16
[0]: 8 ----> 12
[0]: 8 ----> 14
[0]: 8 ----> 16
[0]: 9 ----> 10
[0]: 11 ----> 0
[0]: 12 ----> 0
[0]: 13 ----> 0
[0]: 14 ----> 0
[0]: 15 ----> 0
[0]: 16 ----> 0
Cones:
[0] Max cone size: 6
[0]: 0 <---- 11 (0)
[0]: 0 <---- 12 (0)
[0]: 0 <---- 13 (0)
[0]: 0 <---- 14 (0)
[0]: 0 <---- 15 (0)
[0]: 0 <---- 16 (0)
[0]: 10 <---- 6 (0)
[0]: 10 <---- 9 (0)
[0]: 11 <---- 3 (0)
[0]: 11 <---- 4 (0)
[0]: 11 <---- 2 (0)
[0]: 11 <---- 1 (0)
[0]: 12 <---- 7 (0)
[0]: 12 <---- 5 (0)
[0]: 12 <---- 6 (0)
[0]: 12 <---- 8 (0)
[0]: 13 <---- 3 (0)
[0]: 13 <---- 1 (0)
[0]: 13 <---- 5 (0)
[0]: 13 <---- 7 (0)
[0]: 14 <---- 2 (0)
[0]: 14 <---- 4 (0)
[0]: 14 <---- 8 (0)
[0]: 14 <---- 6 (0)
[0]: 15 <---- 1 (0)
[0]: 15 <---- 2 (0)
[0]: 15 <---- 6 (0)
[0]: 15 <---- 5 (0)
[0]: 16 <---- 3 (0)
[0]: 16 <---- 7 (0)
[0]: 16 <---- 8 (0)
[0]: 16 <---- 4 (0)
coordinates with 1 fields
  field 0 with 3 components
Process 0:
  (   1) dim  3 offset   0 0. 0. 1.
  (   2) dim  3 offset   3 0. 0. 0.
  (   3) dim  3 offset   6 0. 1. 1.
  (   4) dim  3 offset   9 0. 1. 0.
  (   5) dim  3 offset  12 1. 0. 1.
  (   6) dim  3 offset  15 1. 0. 0.
  (   7) dim  3 offset  18 1. 1. 1.
  (   8) dim  3 offset  21 1. 1. 0.
  (   9) dim  3 offset  24 2. 0. 0.
Labels:
Label 'celltype':
[0]: 1 (0)
[0]: 2 (0)
[0]: 3 (0)
[0]: 4 (0)
[0]: 5 (0)
[0]: 6 (0)
[0]: 7 (0)
[0]: 8 (0)
[0]: 9 (0)
[0]: 11 (4)
[0]: 12 (4)
[0]: 13 (4)
[0]: 14 (4)
[0]: 15 (4)
[0]: 16 (4)
[0]: 0 (7)
[0]: 10 (1)
